┏━━━━━━━━━━━━━━━━━━━━━━━━━━━━┓
┃ G O S T A L G I A  /  PERS…┃
┃  Notifications  [Pad]      ┃
┃ ✓ ONLINE   guest · C: env… ┃
┃                            ┃
┃ Pad                        ┃
┃                            ┃
┃ C:…sers\guest> App view o… ┃
┗━━━━━━━━━━━━━━━━━━━━━━━━━━━━┛
Esc CANCEL/BACK · Ctrl-C EXIT
