+--------------------------------------+
| G O S T A L G I A  /  PERSONAL COMPU…|
|  Tasks   Notifications  [Pad]        |
| [OK] ONLINE   guest · C: environmen… |
|                                      |
| Pad                                  |
| Tab focus · Enter action · ↑↓ item … |
| Mascot                               |
| ===================================… |
| (\_/)                                |
| (o.o)                                |
| > ^ <                                |
| Charge [#########---------]  50%     |
| Hunger [##################] 100%     |
| > One: first                         |
| Text: draft                          |
| [Adopt]                              |
| Pad                                  |
| [NW] > [NE]                          |
| waiting                              |
|                                      |
| C:\users\guest> App view owns focus… |
+--------------------------------------+
Esc CANCEL/BACK · Ctrl-C EXIT · Tab FOCU
