┏━━━━━━━━━━━━━━━━━━━━━━━━━━━━━━━━━━━━━━━━━━━━━━━━━━━━━━━━━━━━━━━━━━━━━━━━━━━━━━┓
┃ G O S T A L G I A  /  PERSONAL COMPUTING, REIMAGINED                         ┃
┃  Home / Prompt  [App Shelf]                                                  ┃
┃ ✓ ONLINE   guest · C: environment drive                                      ┃
┃                                                                              ┃
┃ ┏━━━━━━━━━━━━━━━━━━━━━━━━━━━━━━━━━━━━━━━━━━━━━━━━━━━━━━━━━━━━━━━━━━━━━━━━━━┓ ┃
┃ ┃ ◇ No apps installed                                                      ┃ ┃
┃ ┃ Your shelf is ready for its first app.                                   ┃ ┃
┃ ┃                                                                          ┃ ┃
┃ ┃                                                                          ┃ ┃
┃ ┃                                                                          ┃ ┃
┃ ┃                                                                          ┃ ┃
┃ ┃                                                                          ┃ ┃
┃ ┃                                                                          ┃ ┃
┃ ┃                                                                          ┃ ┃
┃ ┃                                                                          ┃ ┃
┃ ┃                                                                          ┃ ┃
┃ ┃                                                                          ┃ ┃
┃ ┃                                                                          ┃ ┃
┃ ┗━━━━━━━━━━━━━━━━━━━━━━━━━━━━━━━━━━━━━━━━━━━━━━━━━━━━━━━━━━━━━━━━━━━━━━━━━━┛ ┃
┃                                                                              ┃
┃ C:\users\guest>                                                              ┃
┗━━━━━━━━━━━━━━━━━━━━━━━━━━━━━━━━━━━━━━━━━━━━━━━━━━━━━━━━━━━━━━━━━━━━━━━━━━━━━━┛
Esc PROMPT · (Enter) LAUNCH · (F3) STOP · ↑↓ SELECT · Ctrl-C EXIT
