┏━━━━━━━━━━━━━━━━━━━━━━━━━━━━━━━━━━━━━━━━━━━━━━━━━━━━━━━━━━━━━━━━━━━━━━━━━━━━━━┓
┃ G O S T A L G I A  /  PERSONAL COMPUTING, REIMAGINED                         ┃
┃ [Home / Prompt]  App Shelf                                                   ┃
┃ ✓ ONLINE   guest · C: environment drive                                      ┃
┃                                                                              ┃
┃ Welcome home. A familiar prompt. A whole new environment.                    ┃
┃ Type help to explore, or F2 to open your app shelf.                          ┃
┃                                                                              ┃
┃                                                                              ┃
┃                                                                              ┃
┃                                                                              ┃
┃                                                                              ┃
┃                                                                              ┃
┃                                                                              ┃
┃                                                                              ┃
┃                                                                              ┃
┃                                                                              ┃
┃                                                                              ┃
┃                                                                              ┃
┃                                                                              ┃
┃                                                                              ┃
┃ C:\users\guest>                                                              ┃
┗━━━━━━━━━━━━━━━━━━━━━━━━━━━━━━━━━━━━━━━━━━━━━━━━━━━━━━━━━━━━━━━━━━━━━━━━━━━━━━┛
Ctrl-C EXIT · F2 APPS · Tab COMPLETE · ↑↓ HISTORY · PgUp SCROLL
