┏━━━━━━━━━━━━━━━━━━━━━━━━━━━━━━━━━━━━━━━━━━━━━━━━━━━━━━━━━━━━━━━━━━━━━━━━━━━━━━┓
┃ G O S T A L G I A  /  PERSONAL COMPUTING, REIMAGINED                         ┃
┃  Home / Prompt  [App Shelf]                                                  ┃
┃ ✓ ONLINE   guest · C: environment drive                                      ┃
┃                                                                              ┃
┃ ┏━━━━━━━━━━━━━━━━━━━━━━━━━━━━━━━━━━━━━━━━━━━━━━━━━━━━━━━━━━━━━━━━━━━━━━━━━━┓ ┃
┃ ┃ › Echo                                                                   ┃ ┃
┃ ┃ ✓ LIVE / PID 1                                                           ┃ ┃
┃ ┃ com.gostalgia.echo  v0.1.0                                               ┃ ┃
┃ ┗━━━━━━━━━━━━━━━━━━━━━━━━━━━━━━━━━━━━━━━━━━━━━━━━━━━━━━━━━━━━━━━━━━━━━━━━━━┛ ┃
┃ A friendly first app.                                                        ┃
┃ GRANT  ipc                                                                   ┃
┃                                                                              ┃
┃                                                                              ┃
┃                                                                              ┃
┃                                                                              ┃
┃                                                                              ┃
┃                                                                              ┃
┃                                                                              ┃
┃                                                                              ┃
┃                                                                              ┃
┃ C:\users\guest>                                                              ┃
┗━━━━━━━━━━━━━━━━━━━━━━━━━━━━━━━━━━━━━━━━━━━━━━━━━━━━━━━━━━━━━━━━━━━━━━━━━━━━━━┛
Esc PROMPT · Enter LAUNCH · F3 STOP · F4 VIEW · ↑↓ SELECT · Ctrl-C EXIT
